\BOOKMARK [1][-]{section.1}{Introdu\347\343o}{}% 1
\BOOKMARK [1][-]{section.2}{Fundamenta\347\343o\040te\363rica}{}% 2
\BOOKMARK [2][-]{subsection.2.1}{Intera\347\343o\040Humano-Dados}{section.2}% 3
\BOOKMARK [1][-]{section.3}{Metodologia}{}% 4
\BOOKMARK [2][-]{subsection.3.1}{Fontes\040de\040dados}{section.3}% 5
\BOOKMARK [2][-]{subsection.3.2}{Per\355odo\040de\040Publica\347\343o}{section.3}% 6
\BOOKMARK [2][-]{subsection.3.3}{Quest\365es\040de\040Pesquisa}{section.3}% 7
\BOOKMARK [2][-]{subsection.3.4}{Estrat\351gia\040de\040Busca\040e\040Elegibilidade}{section.3}% 8
\BOOKMARK [2][-]{subsection.3.5}{Crit\351rios\040de\040Sele\347\343o\040e\040Avalia\347\343o\040de\040Qualidade}{section.3}% 9
\BOOKMARK [2][-]{subsection.3.6}{Condu\347\343o\040das\040Buscas\040e\040Triagem\040dos\040Estudos}{section.3}% 10
\BOOKMARK [2][-]{subsection.3.7}{An\341lise\040da\040Triagem\040e\040Perfil\040da\040Literatura}{section.3}% 11
\BOOKMARK [2][-]{subsection.3.8}{Avalia\347\343o\040de\040Qualidade\040dos\040Estudos}{section.3}% 12
\BOOKMARK [1][-]{section.4}{Resultados\040e\040Discuss\343o}{}% 13
\BOOKMARK [2][-]{subsection.4.1}{A\040Evolu\347\343o\040da\040Gest\343o\040de\040Dados\040e\040o\040Descompasso\040Sociot\351cnico\040\(QP1,\040QP4\)}{section.4}% 14
\BOOKMARK [2][-]{subsection.4.2}{Lacunas\040Estruturais,\040Desafios\040Cognitivos\040e\040Opacidade\040\(QP2,\040QP3\)}{section.4}% 15
\BOOKMARK [2][-]{subsection.4.3}{IHD\040em\040Cidades\040Inteligentes:\040Capacidade\040C\355vica\040e\040Fatores\040Culturais\040\(QP5,\040QPS4\)}{section.4}% 16
\BOOKMARK [2][-]{subsection.4.4}{Avalia\347\343o\040Metodol\363gica,\040Valida\347\343o\040de\040Frameworks\040e\040Inclus\343o\040Digital\040\(QPS1,\040QPS2,\040QPS3\)}{section.4}% 17
\BOOKMARK [1][-]{section.5}{Amea\347as\040\340\040Validade}{}% 18
\BOOKMARK [2][-]{subsection.5.1}{Limita\347\365es\040do\040Estudo}{section.5}% 19
\BOOKMARK [1][-]{section.6}{Conclus\343o}{}% 20
